Script started on Thu Dec 14 19:17:50 2023
[root@nfsc vagrant]# yum install nfs-utils
Failed to set locale, defaulting to C
Loaded plugins: fastestmirror
Loading mirror speeds from cached hostfile
 * base: centos.mirror.triple-it.nl
 * extras: mirror.proserve.nl
 * updates: mirrors.xtom.nl
Resolving Dependencies
--> Running transaction check
---> Package nfs-utils.x86_64 1:1.3.0-0.66.el7 will be updated
---> Package nfs-utils.x86_64 1:1.3.0-0.68.el7.2 will be an update
--> Finished Dependency Resolution

Dependencies Resolved

==============================================================================================================================================
 Package                         Arch                         Version                                     Repository                     Size
==============================================================================================================================================
Updating:
 nfs-utils                       x86_64                       1:1.3.0-0.68.el7.2                          updates                       413 k

Transaction Summary
==============================================================================================================================================
Upgrade  1 Package

Total download size: 413 k
Is this ok [y/d/N]: y
Downloading packages:
No Presto metadata available for updates
nfs-utils-1.3.0-0.68.el7.2.x86_64.rpm                    0% [                   nfs-utils-1.3.0-0.68.el7.2.x86_64.rpm                    6% [===                nfs-utils-1.3.0-0.68.el7.2.x86_64.rpm                    35% [================  nfs-utils-1.3.0-0.68.el7.2.x86_64.rpm                    70% [==================nfs-utils-1.3.0-0.68.el7.2.x86_64.rpm                                                                                  | 413 kB  00:00:01     
Running transaction check
Running transaction test
Transaction test succeeded
Running transaction
  Updating   : 1:nfs-utils-1.3.0-0.68.el7.2.x86_64 [                              Updating   : 1:nfs-utils-1.3.0-0.68.el7.2.x86_64 [#####                         Updating   : 1:nfs-utils-1.3.0-0.68.el7.2.x86_64 [#########                     Updating   : 1:nfs-utils-1.3.0-0.68.el7.2.x86_64 [##############                Updating   : 1:nfs-utils-1.3.0-0.68.el7.2.x86_64 [################              Updating   : 1:nfs-utils-1.3.0-0.68.el7.2.x86_64 [#####################         Updating   : 1:nfs-utils-1.3.0-0.68.el7.2.x86_64 [#######################       Updating   : 1:nfs-utils-1.3.0-0.68.el7.2.x86_64 [##########################    Updating   : 1:nfs-utils-1.3.0-0.68.el7.2.x86_64 [############################  Updating   : 1:nfs-utils-1.3.0-0.68.el7.2.x86_64 [############################  Updating   : 1:nfs-utils-1.3.0-0.68.el7.2.x86_64 [############################  Updating   : 1:nfs-utils-1.3.0-0.68.el7.2.x86_64 [############################  Updating   : 1:nfs-utils-1.3.0-0.68.el7.2.x86_64 [############################  Updating   : 1:nfs-utils-1.3.0-0.68.el7.2.x86_64 [############################  Updating   : 1:nfs-utils-1.3.0-0.68.el7.2.x86_64 [############################  Updating   : 1:nfs-utils-1.3.0-0.68.el7.2.x86_64 [############################  Updating   : 1:nfs-utils-1.3.0-0.68.el7.2.x86_64 [############################  Updating   : 1:nfs-utils-1.3.0-0.68.el7.2.x86_64 [############################  Updating   : 1:nfs-utils-1.3.0-0.68.el7.2.x86_64 [############################  Updating   : 1:nfs-utils-1.3.0-0.68.el7.2.x86_64 [############################  Updating   : 1:nfs-utils-1.3.0-0.68.el7.2.x86_64 [############################  Updating   : 1:nfs-utils-1.3.0-0.68.el7.2.x86_64 [############################  Updating   : 1:nfs-utils-1.3.0-0.68.el7.2.x86_64 [############################  Updating   : 1:nfs-utils-1.3.0-0.68.el7.2.x86_64 [############################  Updating   : 1:nfs-utils-1.3.0-0.68.el7.2.x86_64 [############################  Updating   : 1:nfs-utils-1.3.0-0.68.el7.2.x86_64 [############################  Updating   : 1:nfs-utils-1.3.0-0.68.el7.2.x86_64 [############################  Updating   : 1:nfs-utils-1.3.0-0.68.el7.2.x86_64 [############################  Updating   : 1:nfs-utils-1.3.0-0.68.el7.2.x86_64 [############################  Updating   : 1:nfs-utils-1.3.0-0.68.el7.2.x86_64 [############################  Updating   : 1:nfs-utils-1.3.0-0.68.el7.2.x86_64 [############################  Updating   : 1:nfs-utils-1.3.0-0.68.el7.2.x86_64 [############################  Updating   : 1:nfs-utils-1.3.0-0.68.el7.2.x86_64 [############################  Updating   : 1:nfs-utils-1.3.0-0.68.el7.2.x86_64                                                                                        1/2 
  Cleanup    : 1:nfs-utils-1.3.0-0.66.el7.x86_64                                                                                          2/2 
  Verifying  : 1:nfs-utils-1.3.0-0.68.el7.2.x86_64                                                                                        1/2 
  Verifying  : 1:nfs-utils-1.3.0-0.66.el7.x86_64                                                                                          2/2 

Updated:
  nfs-utils.x86_64 1:1.3.0-0.68.el7.2                                                                                                         

Complete!
[root@nfsc vagrant]# systemctl enable firewalld --now
Created symlink from /etc/systemd/system/dbus-org.fedoraproject.FirewallD1.service to /usr/lib/systemd/system/firewalld.service.
Created symlink from /etc/systemd/system/multi-user.target.wants/firewalld.service to /usr/lib/systemd/system/firewalld.service.
[root@nfsc vagrant]# systemctl status firewalld
● firewalld.service - firewalld - dynamic firewall daemon
   Loaded: loaded (/usr/lib/systemd/system/firewalld.service; enabled; vendor preset: enabled)
   Active: active (running) since Thu 2023-12-14 19:19:25 UTC; 13s ago
     Docs: man:firewalld(1)
 Main PID: 3404 (firewalld)
   CGroup: /system.slice/firewalld.service
           └─3404 /usr/bin/python2 -Es /usr/sbin/firewalld --nofork --nopid

Dec 14 19:19:25 nfsc systemd[1]: Starting firewalld - dynamic firewall daemon...
Dec 14 19:19:25 nfsc systemd[1]: Started firewalld - dynamic firewall daemon.
Dec 14 19:19:25 nfsc firewalld[3404]: WARNING: AllowZoneDrifting is enabled...w.
Hint: Some lines were ellipsized, use -l to show in full.
[root@nfsc vagrant]# echo "192.168.50.10:/srv/share/ /mnt nfs vers=3,proto=udp,noauto,x-systemd.automount 0 0" >> /etc/fstab
[root@nfsc vagrant]# ct /etc/fstab
bash: ct: command not found
[root@nfsc vagrant]# cat /etc/fstab

#
# /etc/fstab
# Created by anaconda on Thu Apr 30 22:04:55 2020
#
# Accessible filesystems, by reference, are maintained under '/dev/disk'
# See man pages fstab(5), findfs(8), mount(8) and/or blkid(8) for more info
#
UUID=1c419d6c-5064-4a2b-953c-05b2c67edb15 /                       xfs     defaults        0 0
/swapfile none swap defaults 0 0
#VAGRANT-BEGIN
# The contents below are automatically generated by Vagrant. Do not modify.
#VAGRANT-END
192.168.50.10:/srv/share/ /mnt nfs vers=3,proto=udp,noauto,x-systemd.automount 0 0
[root@nfsc vagrant]# systemctl daemon-reload
[root@nfsc vagrant]# systemctl restart remote-fs.target
[root@nfsc vagrant]# mount | grep mnt
systemd-1 on /mnt type autofs (rw,relatime,fd=46,pgrp=1,timeout=0,minproto=5,maxproto=5,direct,pipe_ino=26989)
[root@nfsc vagrant]# sudo mount 192.168.50.10:/srv/share/ /mnt/ 
[root@nfsc vagrant]# mount | grep mnt
systemd-1 on /mnt type autofs (rw,relatime,fd=46,pgrp=1,timeout=0,minproto=5,maxproto=5,direct,pipe_ino=26989)
192.168.50.10:/srv/share on /mnt type nfs4 (rw,relatime,vers=4.1,rsize=32768,wsize=32768,namlen=255,hard,proto=tcp,timeo=600,retrans=2,sec=sys,clientaddr=192.168.50.11,local_lock=none,addr=192.168.50.10)
[root@nfsc vagrant]# echo "Создаем несколько файлов для тестирования экспорта"
Создаем несколько файлов для тестирования экспорта
[root@nfsc vagrant]# touch /mnt/upload/file_client{1..3}
[root@nfsc vagrant]# exit
exit

